node_modules/ngx-material-timepicker/src/app/material-timepicker/components/ngx-material-timepicker-container/ngx-material-timepicker-container.component.d.ts(5,26): error TS7016: Could not find a declaration file for module 'luxon'. 'C:/Users/Nacho/Documents/Personales/dybella/dybella-front/node_modules/luxon/build/node/luxon.js' implicitly has an 'any' type.
  Try `npm i --save-dev @types/luxon` if it exists or add a new declaration (.d.ts) file containing `declare module 'luxon';`
node_modules/ngx-material-timepicker/src/app/material-timepicker/components/timepicker-dial/ngx-material-timepicker-dial.component.d.ts(2,26): error TS7016: Could not find a declaration file for module 'luxon'. 'C:/Users/Nacho/Documents/Personales/dybella/dybella-front/node_modules/luxon/build/node/luxon.js' implicitly has an 'any' type.
  Try `npm i --save-dev @types/luxon` if it exists or add a new declaration (.d.ts) file containing `declare module 'luxon';`
node_modules/ngx-material-timepicker/src/app/material-timepicker/components/timepicker-field/ngx-timepicker-field.component.d.ts(9,26): error TS7016: Could not find a declaration file for module 'luxon'. 'C:/Users/Nacho/Documents/Personales/dybella/dybella-front/node_modules/luxon/build/node/luxon.js' implicitly has an 'any' type.
  Try `npm i --save-dev @types/luxon` if it exists or add a new declaration (.d.ts) file containing `declare module 'luxon';`
node_modules/ngx-material-timepicker/src/app/material-timepicker/components/timepicker-hours-face/ngx-material-timepicker-hours-face.d.ts(2,26): error TS7016: Could not find a declaration file for module 'luxon'. 'C:/Users/Nacho/Documents/Personales/dybella/dybella-front/node_modules/luxon/build/node/luxon.js' implicitly has an 'any' type.
  Try `npm i --save-dev @types/luxon` if it exists or add a new declaration (.d.ts) file containing `declare module 'luxon';`
node_modules/ngx-material-timepicker/src/app/material-timepicker/components/timepicker-minutes-face/ngx-material-timepicker-minutes-face.component.d.ts(5,26): error TS7016: Could not find a declaration file for module 'luxon'. 'C:/Users/Nacho/Documents/Personales/dybella/dybella-front/node_modules/luxon/build/node/luxon.js' implicitly has an 'any' type.
  Try `npm i --save-dev @types/luxon` if it exists or add a new declaration (.d.ts) file containing `declare module 'luxon';`
node_modules/ngx-material-timepicker/src/app/material-timepicker/components/timepicker-period/ngx-material-timepicker-period.component.d.ts(5,26): error TS7016: Could not find a declaration file for module 'luxon'. 'C:/Users/Nacho/Documents/Personales/dybella/dybella-front/node_modules/luxon/build/node/luxon.js' implicitly has an 'any' type.
  Try `npm i --save-dev @types/luxon` if it exists or add a new declaration (.d.ts) file containing `declare module 'luxon';`
node_modules/ngx-material-timepicker/src/app/material-timepicker/directives/ngx-timepicker.directive.d.ts(3,26): error TS7016: Could not find a declaration file for module 'luxon'. 'C:/Users/Nacho/Documents/Personales/dybella/dybella-front/node_modules/luxon/build/node/luxon.js' implicitly has an 'any' type.
  Try `npm i --save-dev @types/luxon` if it exists or add a new declaration (.d.ts) file containing `declare module 'luxon';`
node_modules/ngx-material-timepicker/src/app/material-timepicker/models/timepicker-config.interface.d.ts(2,26): error TS7016: Could not find a declaration file for module 'luxon'. 'C:/Users/Nacho/Documents/Personales/dybella/dybella-front/node_modules/luxon/build/node/luxon.js' implicitly has an 'any' type.
  Try `npm i --save-dev @types/luxon` if it exists or add a new declaration (.d.ts) file containing `declare module 'luxon';`
node_modules/ngx-material-timepicker/src/app/material-timepicker/ngx-material-timepicker.component.d.ts(5,26): error TS7016: Could not find a declaration file for module 'luxon'. 'C:/Users/Nacho/Documents/Personales/dybella/dybella-front/node_modules/luxon/build/node/luxon.js' implicitly has an 'any' type.
  Try `npm i --save-dev @types/luxon` if it exists or add a new declaration (.d.ts) file containing `declare module 'luxon';`
node_modules/ngx-material-timepicker/src/app/material-timepicker/services/ngx-material-timepicker.service.d.ts(4,26): error TS7016: Could not find a declaration file for module 'luxon'. 'C:/Users/Nacho/Documents/Personales/dybella/dybella-front/node_modules/luxon/build/node/luxon.js' implicitly has an 'any' type.
  Try `npm i --save-dev @types/luxon` if it exists or add a new declaration (.d.ts) file containing `declare module 'luxon';`
